../Core/Src/main.c:142:5:main	2
../Core/Src/main.c:235:6:SystemClock_Config	3
../Core/Src/main.c:282:13:MX_ADC1_Init	4
../Core/Src/main.c:349:13:MX_FDCAN1_Init	3
../Core/Src/main.c:417:13:MX_FDCAN2_Init	3
../Core/Src/main.c:482:13:MX_DMA_Init	1
../Core/Src/main.c:501:13:MX_GPIO_Init	1
../Core/Src/main.c:533:6:HAL_FDCAN_RxFifo0Callback	4
../Core/Src/main.c:549:6:HAL_FDCAN_RxFifo1Callback	4
../Core/Src/main.c:565:6:HAL_ADC_ConvCpltCallback	1
../Core/Src/main.c:581:6:xSendCANFunction	10
../Core/Src/main.c:666:6:xCheckCommsFuncion	9
../Core/Src/main.c:727:6:xReadTempFunction	1
../Core/Src/main.c:789:6:Error_Handler	1
